../Drivers/CMSIS/Include/core_cm4.h:2064:26:ITM_SendChar	16	static,ignoring_inline_asm
../Core/Src/main.c:88:5:_write	32	static
../Core/Src/main.c:103:5:main	8	static
../Core/Src/main.c:191:6:SystemClock_Config	88	static
../Core/Src/main.c:238:13:MX_GPIO_Init	16	static
../Core/Src/main.c:261:6:StartLPT	24	static
../Core/Src/main.c:288:6:StartMPT	16	static
../Core/Src/main.c:311:6:StartHPT	16	static
../Core/Src/main.c:331:6:HAL_TIM_PeriodElapsedCallback	16	static
../Core/Src/main.c:348:6:Error_Handler	4	static,ignoring_inline_asm
