../Drivers/CMSIS/Include/core_cm4.h:2064:26:ITM_SendChar	16	static,ignoring_inline_asm
../Core/Src/main.c:92:5:_write	32	static
../Core/Src/main.c:107:5:main	8	static
../Core/Src/main.c:195:6:SystemClock_Config	88	static
../Core/Src/main.c:242:13:MX_GPIO_Init	32	static
../Core/Src/main.c:272:6:StartTask1	24	static
../Core/Src/main.c:298:6:StartTask2	24	static
../Core/Src/main.c:320:6:StartrxTask	24	static
../Core/Src/main.c:344:6:HAL_TIM_PeriodElapsedCallback	16	static
../Core/Src/main.c:361:6:Error_Handler	4	static,ignoring_inline_asm
